[www.dangote.com/index.html]
[backblue.gif]
[fade.gif]
[index.html]
[www.dangote.com/wp-content/themes/dangote/assets/img/favicon.png]
[www.dangote.com/wp-content/themes/dangote/assets/css/reseta5f5.css]
[www.dangote.com/wp-content/themes/dangote/assets/css/bootstrap.mina5f5.css]
[www.dangote.com/wp-content/themes/dangote/style0ad1.css]
[www.dangote.com/wp-content/themes/dangote/assets/css/font-awesome.mina5f5.css]
[www.dangote.com/wp-content/themes/dangote/assets/css/normalizea5f5.css]
[www.dangote.com/wp-content/plugins/jetpack-00/css/jetpack5d2d.css]
[www.dangote.com/xmlrpc0db0.php]
[www.dangote.com/wp-json/index.html]
[www.dangote.com/wp-includes/wlwmanifest.xml]
[www.dangote.com/about-us/index.html]
[www.dangote.com/sustainability/index.html]
[www.dangote.com/wp-content/uploads/2020/07/cement_banner_promo2.jpg]
[www.dangote.com/our-business/index.html]
[www.dangote.com/investor-relations/index.html]
[www.dangote.com/wp-content/uploads/2020/02/found123-1.jpg]
[www.dangote.com/foundation/index.html]
[www.dangote.com/news/index.html]
[www.dangote.com/wp-content/uploads/2020/02/cement.png]
[www.dangote.com/career/index.html]
[www.dangote.com/wp-content/uploads/2020/02/sugar-1.png]
[www.dangote.com/wp-content/uploads/2020/02/salt.png]
[www.dangote.com/contact/index.html]
[www.dangote.com/wp-content/uploads/2020/02/oilngas-bg.jpg]
[www.dangote.com/wp-content/uploads/2020/02/poly-biz.png]
[www.dangote.com/wp-content/uploads/2020/02/fert.png]
[www.dangote.com/wp-content/uploads/2020/07/banner-bog2.jpg]
[www.dangote.com/wp-content/uploads/2020/02/aliko-dangote2.jpg]
[www.dangote.com/wp-content/themes/dangote/assets/img/cement-logo.png]
[www.dangote.com/government-endorses-new-dangote-cement-millionaire-promo/index.html]
[www.dangote.com/dangote-group-targets-30-billion-turnover-in-two-years-report/index.html]
[www.dangote.com/wp-content/themes/dangote/assets/img/sugar-logo.png]
[www.dangote.com/wp-content/themes/dangote/assets/img/nascon-logo.png]
[www.dangote.com/wp-content/uploads/2020/02/sustain.png]
[www.dangote.com/wp-content/uploads/2020/02/financial.png]
[www.dangote.com/2020-h1-dangote-cement-rakes-in-n162-9bn-profits-in-6-months/index.html]
[www.dangote.com/wp-content/uploads/2020/02/institutional.png]
[www.dangote.com/wp-content/uploads/2020/02/economic.png]
[www.dangote.com/wp-content/uploads/2020/02/operational.png]
[www.dangote.com/wp-content/uploads/2020/02/environmental.png]
[www.dangote.com/wp-content/uploads/2020/02/social.png]
[www.dangote.com/wp-content/uploads/2020/02/cultural.png]
[www.dangote.com/wp-content/uploads/2020/02/General-2--1024x689.jpg]
[www.dangote.com/wp-content/uploads/2020/02/foundation.png]
[www.dangote.com/wp-content/uploads/2020/06/dangote_clinker_export.jpg]
[www.dangote.com/wp-content/uploads/2020/02/energy-bg.jpg]
[www.dangote.com/wp-content/uploads/2020/05/DSC_2657.jpg]
[www.dangote.com/dangote-exports-clinker-abroad-boosts-fgs-forex-drive/index.html]
[www.dangote.com/q1-dangote-cement-records-strong-performance/index.html]
[www.dangote.com/wp-content/uploads/2020/08/20200811_112140-scaled.jpg]
[www.dangote.com/wp-content/themes/dangote/assets/img/news-card.png]
[www.dangote.com/dangote-cement-donates-35-security-cars-to-lagos-state-security-fund/index.html]
[www.dangote.com/wp-content/uploads/2020/03/infrastructure.png]
[www.dangote.com/dangote-cement-produces-new-millionaire-entrepreneurs/index.html]
[www.dangote.com/wp-content/themes/dangote/assets/img/logo1.png]
[www.dangote.com/cement/index.html]
[www.dangote.com/wp-content/themes/dangote/assets/js/modernizr.js]
[www.dangote.com/sugar/index.html]
[www.dangote.com/wp-content/themes/dangote/assets/js/jquery-3.2.1.min.js]
[www.dangote.com/wp-content/themes/dangote/assets/js/popper.min.js]
[www.dangote.com/privacy-policy/index.html]
[www.dangote.com/wp-content/themes/dangote/assets/js/bootstrap.min.js]
[www.dangote.com/wp-content/themes/dangote/assets/js/script.js]
[www.dangote.com/wp-content/themes/dangote/assets/js/app.js]
[www.dangote.com/wp-content/themes/dangote/assets/js/velocity.min.js]
[www.dangote.com/wp-content/themes/dangote/assets/js/nav.js]
[www.dangote.com/wp-content/plugins/jetpack-00/_inc/build/photon/photon.min1c52.js]
[www.dangote.com/index.html]
[www.dangote.com/wp-content/themes/dangote/assets/css/reseta5f5.css]
[www.dangote.com/wp-content/themes/dangote/assets/css/bootstrap.mina5f5.css]
[www.dangote.com/wp-content/themes/dangote/assets/img/danbills.jpg]
[www.dangote.com/wp-content/themes/dangote/assets/img/found123.jpg]
[www.dangote.com/wp-content/themes/dangote/assets/img/DSC_6007.jpg]
[www.dangote.com/wp-content/themes/dangote/assets/img/foundation-bg.png]
[www.dangote.com/wp-content/themes/dangote/assets/img/cantact-us.png]
[www.dangote.com/wp-content/themes/dangote/assets/img/news-header.png]
[www.dangote.com/wp-content/themes/dangote/style0ad1.css]
[www.dangote.com/wp-content/themes/dangote/assets/fonts/fontawesome-webfont3e6e.eot]
[www.dangote.com/wp-content/themes/dangote/assets/fonts/fontawesome-webfontd41d.eot]
[www.dangote.com/wp-content/themes/dangote/assets/fonts/fontawesome-webfont3e6e.ttf]
[www.dangote.com/wp-content/themes/dangote/assets/css/font-awesome.mina5f5.css]
[www.dangote.com/wp-content/themes/dangote/assets/css/normalizea5f5.css]
[www.dangote.com/wp-content/plugins/jetpack-00/modules/carousel/images/arrows.png]
[www.dangote.com/wp-content/plugins/jetpack-00/modules/carousel/images/arrows-2x.png]
[www.dangote.com/wp-content/plugins/jetpack-00/modules/carousel/images/carousel-spritee4da.png]
[www.dangote.com/wp-content/plugins/jetpack-00/modules/carousel/images/carousel-sprite-2xe4da.png]
[www.dangote.com/wp-content/plugins/jetpack-00/modules/shortcodes/img/slideshow-controls.png]
[www.dangote.com/wp-content/plugins/jetpack-00/modules/shortcodes/img/slideshow-controls-2x.png]
[www.dangote.com/wp-content/plugins/jetpack-00/modules/shortcodes/images/slide-nav.png]
[www.dangote.com/wp-content/plugins/jetpack-00/modules/shortcodes/images/expand.png]
[www.dangote.com/wp-content/plugins/jetpack-00/modules/shortcodes/images/collapse.png]
[www.dangote.com/wp-content/plugins/jetpack-00/css/jetpack5d2d.css]
[www.dangote.com/wp-content/themes/dangote/assets/img/logo-svg.svg]
[www.dangote.com/wp-json/oembed/1.0/embed2fe3.json]
[www.dangote.com/wp-json/oembed/1.0/embed34b5]
[www.dangote.com/wp-content/uploads/2020/03/collage-Recovered.jpg]
[www.dangote.com/wp-content/uploads/2020/02/aliko-1.png]
[www.dangote.com/about-us/aliko-dangote/index.html]
[www.dangote.com/wp-content/uploads/2020/05/ad-bright2.jpg]
[www.dangote.com/wp-content/uploads/2020/02/sani.png]
[www.dangote.com/about-us/sani-dangote/index.html]
[www.dangote.com/wp-content/uploads/2020/02/halima.png]
[www.dangote.com/about-us/halima-aliko-dangote/index.html]
[www.dangote.com/wp-content/uploads/2020/02/dantata.png]
[www.dangote.com/about-us/abdu-dantata/index.html]
[www.dangote.com/wp-content/uploads/2020/02/alake.png]
[www.dangote.com/wp-content/uploads/2020/02/edwin.png]
[www.dangote.com/about-us/olakunle-alake/index.html]
[www.dangote.com/about-us/devakumar-v-g-edwin/index.html]
[www.dangote.com/wp-content/uploads/2020/02/ahmed-1.png]
[www.dangote.com/wp-content/uploads/2020/02/sada.png]
[www.dangote.com/wp-content/uploads/2020/02/adenike.png]
[www.dangote.com/wp-content/uploads/2020/02/history-1.png]
[www.dangote.com/wp-content/uploads/2020/02/crowd-1.png]
[www.dangote.com/about-us/index.html]
[www.dangote.com/wp-content/uploads/2020/02/reliance-1.png]
[www.dangote.com/wp-json/oembed/1.0/embed5995.json]
[www.dangote.com/wp-json/oembed/1.0/embedff16]
[www.dangote.com/wp-content/uploads/2020/02/cement-biz.png]
[www.dangote.com/wp-content/uploads/2020/02/sugar-biz.png]
[www.dangote.com/wp-content/uploads/2020/02/salt-biz.png]
[www.dangote.com/wp-content/uploads/2020/02/fertilizer-biz.png]
[www.dangote.com/wp-content/uploads/2020/02/infrastructure-biz.png]
[www.dangote.com/wp-content/uploads/2020/02/rice-biz.png]
[www.dangote.com/wp-content/uploads/2020/02/oil-biz.png]
[www.dangote.com/wp-content/uploads/2020/02/energy-biz.png]
[www.dangote.com/wp-content/uploads/2020/02/petro-biz.png]
[www.dangote.com/wp-content/uploads/2020/02/rice-biz-1.png]
[www.dangote.com/wp-content/uploads/2020/02/mine-biz.png]
[www.dangote.com/wp-content/uploads/2020/02/logistics-biz.png]
[www.dangote.com/wp-content/uploads/2020/02/Maritime.png]
[www.dangote.com/wp-content/uploads/2020/02/automotive.png]
[www.dangote.com/wp-content/uploads/2020/02/Tomato-processing.jpg]
[www.dangote.com/wp-content/uploads/2020/02/news.jpg]
[www.dangote.com/wp-content/uploads/2020/02/money.png]
[www.dangote.com/wp-content/uploads/2020/02/sub.png]
[www.dangote.com/wp-content/uploads/2020/02/public.png]
[www.dangote.com/our-business/index.html]
[www.dangote.com/wp-json/oembed/1.0/embed2d87.json]
[www.dangote.com/wp-json/oembed/1.0/embed2bc6]
[www.dangote.com/wp-content/uploads/2020/02/sustain-1.png]
[www.dangote.com/wp-content/uploads/2020/02/Group-15.png]
[www.dangote.com/wp-content/uploads/2020/02/Group-34.png]
[www.dangote.com/wp-content/uploads/2020/02/Group-9.png]
[www.dangote.com/wp-content/uploads/2020/02/Group-2.png]
[www.dangote.com/wp-content/uploads/2020/02/Group-17.png]
[www.dangote.com/wp-content/uploads/2020/02/Group-8.png]
[www.dangote.com/wp-content/uploads/2020/02/Group-5-1.png]
[www.dangote.com/wp-content/uploads/2020/06/rpt_cement19.png]
[www.dangote.com/wp-content/uploads/2020/05/sus_dcp_report_cover.jpg]
[www.dangote.com/sustainability/index.html]
[www.dangote.com/wp-json/oembed/1.0/embed1489.json]
[www.dangote.com/wp-json/oembed/1.0/embedef96]
[www.dangote.com/wp-content/uploads/2020/02/fine.png]
[www.dangote.com/wp-content/uploads/2020/02/dan-cem.png]
[www.dangote.com/wp-content/uploads/2020/02/cement-logo.png]
[www.dangote.com/wp-content/uploads/2020/02/dan-sug.png]
[www.dangote.com/wp-content/uploads/2020/02/sugar-logo.png]
[www.dangote.com/wp-content/uploads/2020/02/dan-nas.png]
[www.dangote.com/wp-content/uploads/2020/02/nascon-logo.png]
[www.dangote.com/wp-content/uploads/2020/07/rpt_sugar19.png]
[www.dangote.com/wp-content/uploads/2020/09/rpt_nascon19.png]
[www.dangote.com/wp-content/uploads/2020/08/kano-millionaires.jpg]
[www.dangote.com/wp-content/uploads/2020/07/featured-image-1.jpg]
[www.dangote.com/investor-relations/index.html]
[www.dangote.com/wp-json/oembed/1.0/embed4c7b.json]
[www.dangote.com/wp-json/oembed/1.0/embed77a7]
[www.dangote.com/wp-content/uploads/2020/05/3.jpg]
[www.dangote.com/wp-content/uploads/2020/02/inner-found.png]
[www.dangote.com/wp-content/uploads/2020/02/General-2-.jpg]
[www.dangote.com/foundation/index.html]
[www.dangote.com/wp-json/oembed/1.0/embedfe90.json]
[www.dangote.com/wp-json/oembed/1.0/embed8ced]
[www.dangote.com/wp-content/themes/dangote/assets/img/dangote-blue.svg]
[www.dangote.com/wp-content/uploads/2020/07/featured-image.jpg]
[www.dangote.com/wp-content/themes/dangote/assets/img/events.png]
[www.dangote.com/wp-content/themes/dangote/assets/img/three-news.png]
[www.dangote.com/wp-content/themes/dangote/assets/img/newsroom3.png]
[www.dangote.com/wp-content/themes/dangote/assets/img/newsroom-2.png]
[www.dangote.com/news/index.html]
[www.dangote.com/wp-content/themes/dangote/assets/img/nerwsroom4.png]
[www.dangote.com/wp-json/oembed/1.0/embedda2f.json]
[www.dangote.com/wp-json/oembed/1.0/embed0837]
[www.dangote.com/wp-content/uploads/2020/02/career1-1.png]
[www.dangote.com/wp-content/uploads/2020/02/customer.png]
[www.dangote.com/wp-content/uploads/2020/02/eee.png]
[www.dangote.com/wp-content/uploads/2020/02/excellent.png]
[www.dangote.com/wp-content/uploads/2020/02/lead.png]
[www.dangote.com/career/index.html]
[www.dangote.com/wp-json/oembed/1.0/embeddeb3.json]
[www.dangote.com/wp-json/oembed/1.0/embedeeb5]
[www.dangote.com/contact/index.html]
[www.dangote.com/wp-json/oembed/1.0/embedacef.json]
[www.dangote.com/government-endorses-new-dangote-cement-millionaire-promo/feed/index.html]
[www.dangote.com/wp-json/oembed/1.0/embed45d4]
[www.dangote.com/government-endorses-new-dangote-cement-millionaire-promo/index.html]
[www.dangote.com/wp-content/uploads/2020/05/img1-scaled.jpg]
[www.dangote.com/wp-json/oembed/1.0/embed6e21.json]
[www.dangote.com/dangote-group-targets-30-billion-turnover-in-two-years-report/feed/index.html]
[www.dangote.com/wp-json/oembed/1.0/embed30eb]
[www.dangote.com/dangote-group-targets-30-billion-turnover-in-two-years-report/index.html]
[www.dangote.com/wp-json/oembed/1.0/embed8088.json]
[www.dangote.com/2020-h1-dangote-cement-rakes-in-n162-9bn-profits-in-6-months/feed/index.html]
[www.dangote.com/wp-json/oembed/1.0/embed5108]
[www.dangote.com/2020-h1-dangote-cement-rakes-in-n162-9bn-profits-in-6-months/index.html]
[www.dangote.com/wp-json/oembed/1.0/embed766d.json]
[www.dangote.com/dangote-exports-clinker-abroad-boosts-fgs-forex-drive/feed/index.html]
[www.dangote.com/wp-json/oembed/1.0/embeda648]
[www.dangote.com/dangote-exports-clinker-abroad-boosts-fgs-forex-drive/index.html]
[www.dangote.com/q1-dangote-cement-records-strong-performance/feed/index.html]
[www.dangote.com/wp-json/oembed/1.0/embed003d.json]
[www.dangote.com/wp-json/oembed/1.0/embed1485]
[www.dangote.com/q1-dangote-cement-records-strong-performance/index.html]
[www.dangote.com/dangote-cement-donates-35-security-cars-to-lagos-state-security-fund/feed/index.html]
[www.dangote.com/wp-json/oembed/1.0/embed7af3.json]
[www.dangote.com/wp-json/oembed/1.0/embed842c]
[www.dangote.com/dangote-cement-donates-35-security-cars-to-lagos-state-security-fund/index.html]
[www.dangote.com/wp-json/oembed/1.0/embedca00.json]
[www.dangote.com/dangote-cement-produces-new-millionaire-entrepreneurs/feed/index.html]
[www.dangote.com/wp-json/oembed/1.0/embed9041]
[www.dangote.com/dangote-cement-produces-new-millionaire-entrepreneurs/index.html]
[www.dangote.com/wp-content/themes/dangote/assets/img/playboy.svg]
[www.dangote.com/wp-json/oembed/1.0/embeddd9f.json]
[www.dangote.com/wp-json/oembed/1.0/embed1478]
[www.dangote.com/cement/index.html]
[www.dangote.com/wp-content/uploads/2020/02/internal-hero.png]
[www.dangote.com/wp-json/oembed/1.0/embed0f31.json]
[www.dangote.com/wp-json/oembed/1.0/embed6885]
[www.dangote.com/sugar/index.html]
[www.dangote.com/wp-json/oembed/1.0/embed12bb.json]
[www.dangote.com/privacy-policy/feed/index.html]
[www.dangote.com/wp-json/oembed/1.0/embed0cf7]
[www.dangote.com/privacy-policy/index.html]
[www.dangote.com/wp-content/themes/dangote/assets/js/modernizr.js]
[www.dangote.com/wp-content/themes/dangote/assets/js/jquery-3.2.1.min.js]
[www.dangote.com/wp-content/themes/dangote/assets/js/popper.min.js]
[www.dangote.com/wp-content/themes/dangote/assets/js/bootstrap.min.js]
[www.dangote.com/wp-content/themes/dangote/assets/js/script.js]
[www.dangote.com/wp-content/themes/dangote/assets/js/app.js]
[www.dangote.com/wp-content/themes/dangote/assets/js/velocity.min.js]
[www.dangote.com/wp-content/themes/dangote/assets/js/nav.js]
[www.dangote.com/wp-content/plugins/jetpack-00/_inc/build/photon/photon.min1c52.js]
[www.dangote.com/dangote/wp-content/themes/dangote/assets/img/sustain.html]
[www.dangote.com/dangote/wp-content/themes/dangote/assets/img/found.html]
[www.dangote.com/wp-content/themes/dangote/assets/img/eagleone.svg]
[www.dangote.com/dangote/wp-content/themes/dangote/assets/img/internal-hero.html]
[www.dangote.com/dangote/wp-content/themes/dangote/assets/img/inner-found.html]
[www.dangote.com/dangote/wp-content/themes/dangote/assets/img/career1.html]
[www.dangote.com/dangote/wp-content/themes/dangote/assets/img/fine.html]
[www.dangote.com/dangote/wp-content/themes/dangote/assets/img/aliko.html]
[www.dangote.com/wp-content/themes/dangote/assets/img/career-bg.svg]
[www.dangote.com/dangote/wp-content/themes/dangote/assets/img/eaglebg.html]
[www.dangote.com/wp-content/themes/dangote/assets/fonts/fontawesome-webfont3e6e.html]
[www.dangote.com/wp-content/themes/dangote/assets/fonts/fontawesome-webfont3e6e-2.html]
[www.dangote.com/wp-content/themes/dangote/assets/fonts/fontawesome-webfont3e6e.svg]
[www.dangote.com/indexc4f7.html]
[www.dangote.com/wp-json/oembed/1.0/embedf6b7.json]
[www.dangote.com/wp-json/oembed/1.0/embed534a]
[www.dangote.com/wp-content/uploads/2020/05/ad-bright.jpg]
[www.dangote.com/about-us/aliko-dangote/index.html]
[www.dangote.com/wp-json/oembed/1.0/embed43be.json]
[www.dangote.com/wp-json/oembed/1.0/embedb1d1]
[www.dangote.com/about-us/sani-dangote/index.html]
[www.dangote.com/wp-json/oembed/1.0/embed5e6e.json]
[www.dangote.com/wp-json/oembed/1.0/embeda790]
[www.dangote.com/about-us/halima-aliko-dangote/index.html]
[www.dangote.com/wp-json/oembed/1.0/embedfa2b.json]
[www.dangote.com/wp-json/oembed/1.0/embed6b5d]
[www.dangote.com/about-us/abdu-dantata/index.html]
[www.dangote.com/wp-json/oembed/1.0/embed3981.json]
[www.dangote.com/wp-json/oembed/1.0/embed1463]
[www.dangote.com/about-us/olakunle-alake/index.html]
[www.dangote.com/wp-json/oembed/1.0/embed6752.json]
[www.dangote.com/wp-json/oembed/1.0/embedf5b1]
[www.dangote.com/about-us/devakumar-v-g-edwin/index.html]
[www.dangote.com/wp-json/oembed/1.0/embed6d56.json]
[www.dangote.com/wp-json/oembed/1.0/embed5f2a]
[www.dangote.com/about-us/mansur-ahmed/index.html]
[www.dangote.com/wp-json/oembed/1.0/embedc924.json]
[www.dangote.com/wp-json/oembed/1.0/embeddcfd]
[www.dangote.com/about-us/sada-ladan-baki/index.html]
[www.dangote.com/wp-json/oembed/1.0/embed89f4.json]
[www.dangote.com/wp-json/oembed/1.0/embed538b]
[www.dangote.com/about-us/adenike-fajemirokun/index.html]
[www.dangote.com/indexb5fb.html]
[www.dangote.com/wp-json/oembed/1.0/embed3097.json]
[www.dangote.com/wp-json/oembed/1.0/embed18d1]
[www.dangote.com/wp-content/uploads/2020/04/cement-bg.jpg]
[www.dangote.com/wp-content/uploads/2020/02/cement-bg1-1.png]
[www.dangote.com/wp-content/uploads/2020/02/cement-bg2-2.png]
[www.dangote.com/wp-content/uploads/2020/03/cement-bg3.png]
[www.dangote.com/our-business/cement/index.html]
[www.dangote.com/wp-json/oembed/1.0/embedb04b.json]
[www.dangote.com/wp-json/oembed/1.0/embedd731]
[www.dangote.com/wp-content/uploads/2020/02/sugar-bg.jpg]
[www.dangote.com/wp-content/uploads/2020/05/dsr_1kg.png]
[www.dangote.com/wp-content/uploads/2020/05/dsr_250g.png]
[www.dangote.com/wp-content/uploads/2020/05/dsr_500g2.png]
[www.dangote.com/our-business/sugar-refining/index.html]
[www.dangote.com/wp-json/oembed/1.0/embed79fa.json]
[www.dangote.com/wp-json/oembed/1.0/embedde6d]
[www.dangote.com/wp-content/uploads/2020/05/nascon3-bg.jpg]
[www.dangote.com/wp-content/uploads/2020/02/salt-pack-279x300.png]
[www.dangote.com/wp-content/uploads/2020/02/Dan-Q-Seasoning-Page-Img-264x300.png]
[www.dangote.com/wp-content/uploads/2020/02/CURRY-POWDER-PACK-SHOT-212x300.png]
[www.dangote.com/our-business/salt-seasonings/index.html]
[www.dangote.com/wp-json/oembed/1.0/embed0e25.json]
[www.dangote.com/wp-json/oembed/1.0/embed65aa]
[www.dangote.com/our-business/fertilizer/index.html]
[www.dangote.com/wp-content/uploads/2020/03/fertilizer-bg.jpg]
[www.dangote.com/wp-json/oembed/1.0/embed0c91.json]
[www.dangote.com/wp-json/oembed/1.0/embed94aa]
[www.dangote.com/wp-content/uploads/2020/02/road-bg.jpg]
[www.dangote.com/our-business/infrastructure/index.html]
[www.dangote.com/wp-json/oembed/1.0/embedbeef.json]
[www.dangote.com/wp-json/oembed/1.0/embed28a3]
[www.dangote.com/wp-content/uploads/2020/02/rice-bg.jpg]
[www.dangote.com/our-business/rice-farming/index.html]
[www.dangote.com/wp-json/oembed/1.0/embed7592.json]
[www.dangote.com/wp-json/oembed/1.0/embedd7cf]
[www.dangote.com/our-business/oil-and-gas/index.html]
[www.dangote.com/wp-json/oembed/1.0/embed70a7.json]
[www.dangote.com/wp-json/oembed/1.0/embed669a]
[www.dangote.com/our-business/energy/index.html]
[www.dangote.com/wp-json/oembed/1.0/embedac88.json]
[www.dangote.com/wp-json/oembed/1.0/embedbde6]
[www.dangote.com/our-business/petrochemicals/index.html]
[www.dangote.com/wp-content/uploads/2020/02/petrochemical2-bg.jpg]
[www.dangote.com/wp-json/oembed/1.0/embed8753.json]
[www.dangote.com/wp-json/oembed/1.0/embed0827]
[www.dangote.com/our-business/polysacks/index.html]
[www.dangote.com/wp-content/uploads/2020/02/polyproducts-bg.jpg]
[www.dangote.com/wp-json/oembed/1.0/embed3b11.json]
[www.dangote.com/wp-json/oembed/1.0/embedea32]
[www.dangote.com/our-business/real-estate/index.html]
[www.dangote.com/wp-content/uploads/2020/03/real-estate-bg.jpg]
[www.dangote.com/wp-json/oembed/1.0/embed3b1b.json]
[www.dangote.com/wp-json/oembed/1.0/embed187a]
[www.dangote.com/wp-content/uploads/2020/02/mining-bg.jpg]
[www.dangote.com/our-business/mining/index.html]
[www.dangote.com/wp-json/oembed/1.0/embede380.json]
[www.dangote.com/wp-json/oembed/1.0/embed0474]
[www.dangote.com/wp-content/uploads/2020/02/logistics-bg.jpg]
[www.dangote.com/our-business/logistics/index.html]
[www.dangote.com/wp-json/oembed/1.0/embed63e9.json]
[www.dangote.com/wp-json/oembed/1.0/embedb3d1]
[www.dangote.com/our-business/maritime/index.html]
[www.dangote.com/wp-content/uploads/2020/02/maritime-bg.jpg]
[www.dangote.com/wp-json/oembed/1.0/embedfde0.json]
[www.dangote.com/wp-json/oembed/1.0/embedf9a7]
[www.dangote.com/wp-content/uploads/2020/02/automotive-bg-1.jpg]
[www.dangote.com/our-business/automotive/index.html]
[www.dangote.com/wp-json/oembed/1.0/embeda6f0.json]
[www.dangote.com/wp-json/oembed/1.0/embed0a2f]
[www.dangote.com/our-business/tomatoe-processing/index.html]
[www.dangote.com/wp-content/uploads/2020/03/tomato-bg.jpg]
[www.dangote.com/wp-json/oembed/1.0/embedd572.json]
[www.dangote.com/wp-json/oembed/1.0/embed2fa3]
[www.dangote.com/our-business/dangote-academy/index.html]
[www.dangote.com/wp-content/uploads/2020/04/training-bg.jpg]
[www.dangote.com/wp-json/oembed/1.0/embed2e06.json]
[www.dangote.com/wp-json/oembed/1.0/embed6359]
[www.dangote.com/wp-content/uploads/2020/08/short-courses-calendar.pdf]
[www.dangote.com/our-business/dangote-academy/short-courses/index.html]
[www.dangote.com/index5757.html]
[www.dangote.com/wp-content/themes/dangote/assets/img/download.svg]
[www.dangote.com/index2dc4.html]
[www.dangote.com/wp-json/oembed/1.0/embede9a7.json]
[www.dangote.com/5-customers-win-n1m-cash-each-in-dangote-cement-promo-in-kano/feed/index.html]
[www.dangote.com/wp-json/oembed/1.0/embed9dce]
[www.dangote.com/5-customers-win-n1m-cash-each-in-dangote-cement-promo-in-kano/index.html]
[www.dangote.com/wp-json/oembed/1.0/embedbaf8.json]
[www.dangote.com/wp-json/oembed/1.0/embedf909]
[www.dangote.com/gallery/infrastructure-gallery/index.html]
[www.dangote.com/index0d0b.html]
[www.dangote.com/wp-json/oembed/1.0/embed8269.json]
[www.dangote.com/wp-json/oembed/1.0/embed1f4c]
[www.dangote.com/foundation/about-foundation/index.html]
[www.dangote.com/wp-json/oembed/1.0/embed4252.json]
[www.dangote.com/after-n2bn-donation-aliko-dangote-foundation-engages-54gene-laboratory-to-conduct-1000-covid-19-test-per-day-in-kano/feed/index.html]
[www.dangote.com/wp-json/oembed/1.0/embeda2ba]
[www.dangote.com/after-n2bn-donation-aliko-dangote-foundation-engages-54gene-laboratory-to-conduct-1000-covid-19-test-per-day-in-kano/index.html]
[www.dangote.com/wp-json/oembed/1.0/embed889e.json]
[www.dangote.com/dangote-foundations-initiative-to-promote-healthy-africa/feed/index.html]
[www.dangote.com/wp-json/oembed/1.0/embeda58b]
[www.dangote.com/dangote-foundations-initiative-to-promote-healthy-africa/index.html]
[www.dangote.com/wp-json/oembed/1.0/embed0272.json]
[www.dangote.com/aliko-dangote-foundation-uneca-and-gbchealth-advocate-public-private-sector-partnership-for-better-health-in-africa/feed/index.html]
[www.dangote.com/wp-json/oembed/1.0/embedfd08]
[www.dangote.com/aliko-dangote-foundation-uneca-and-gbchealth-advocate-public-private-sector-partnership-for-better-health-in-africa/index.html]
[www.dangote.com/index3c55.html]
[www.dangote.com/wp-content/themes/dangote/assets/img/dangote-blue.svg]
[www.dangote.com/wp-json/oembed/1.0/embed7ed7.json]
[www.dangote.com/wp-json/oembed/1.0/embed1ef8]
[www.dangote.com/news/all-news/index.html]
[www.dangote.com/wp-json/oembed/1.0/embed017b.json]
[www.dangote.com/2020-nascon-agm-shareholders-commend-nascons-prompt-dividend-payment/feed/index.html]
[www.dangote.com/wp-json/oembed/1.0/embed4b40]
[www.dangote.com/2020-nascon-agm-shareholders-commend-nascons-prompt-dividend-payment/index.html]
[www.dangote.com/events-gallery/index.html]
[www.dangote.com/gallery/foundation-gallery/index.html]
[www.dangote.com/wp-json/oembed/1.0/embedca86.json]
[www.dangote.com/wp-json/oembed/1.0/embedbe11]
[www.dangote.com/gallery/our-business-gallery/index.html]
[www.dangote.com/wp-json/oembed/1.0/embedd9ad.json]
[www.dangote.com/wp-json/oembed/1.0/embedde63]
[www.dangote.com/gallery/sustainability-gallery/index.html]
[www.dangote.com/wp-json/oembed/1.0/embed6d7c.json]
[www.dangote.com/wp-json/oembed/1.0/embed81ee]
[www.dangote.com/all-videos/index.html]
[www.dangote.com/indexb93f.html]
[www.dangote.com/indexcbb6.html]
[www.dangote.com/index9c09.html]
[www.dangote.com/dangote-cement-donates-25-patrol-cars-to-ogun-security-trust-fund/feed/index.html]
[www.dangote.com/wp-json/oembed/1.0/embed3a55.json]
[www.dangote.com/wp-json/oembed/1.0/embed8053]
[www.dangote.com/dangote-cement-donates-25-patrol-cars-to-ogun-security-trust-fund/index.html]
[www.dangote.com/dangote-refinery-project-to-boost-activities-in-downstream-says-lagos-chamber-of-commerce-and-industry-lcci/feed/index.html]
[www.dangote.com/wp-json/oembed/1.0/embed01a6.json]
[www.dangote.com/wp-json/oembed/1.0/embed129e]
[www.dangote.com/wp-content/uploads/2020/02/DCP_SA_L-Burg-17_AV_0385-86-scaled.jpg]
[www.dangote.com/dangote-refinery-project-to-boost-activities-in-downstream-says-lagos-chamber-of-commerce-and-industry-lcci/index.html]
[www.dangote.com/example-video/feed/index.html]
[www.dangote.com/wp-json/oembed/1.0/embede62b.json]
[www.dangote.com/wp-json/oembed/1.0/embed0307]
[www.dangote.com/example-video/index.html]
[www.dangote.com/index50f6.html]
[www.dangote.com/index6ade.html]
[www.dangote.com/dangote-cement-sustains-54000-jobs-in-four-african-countries/feed/index.html]
[www.dangote.com/wp-json/oembed/1.0/embedfe0a.json]
[www.dangote.com/wp-json/oembed/1.0/embed01f7]
[www.dangote.com/wp-content/uploads/2020/06/DCP_Obajana-17_0494-95_1980px.jpg]
[www.dangote.com/dangote-cement-sustains-54000-jobs-in-four-african-countries/index.html]
[www.dangote.com/indexca7f.html]
[www.dangote.com/wp-json/oembed/1.0/embedc199.json]
[www.dangote.com/dangote-cements-debut-n100-billion-bond-issuance-has-been-oversubscribed-by-investors/feed/index.html]
[www.dangote.com/wp-json/oembed/1.0/embed809a]
[www.dangote.com/dangote-cements-debut-n100-billion-bond-issuance-has-been-oversubscribed-by-investors/index.html]
[www.dangote.com/wp-content/uploads/2020/05/DCP_Obajana-17_0494-95_1980px.jpg]
[www.dangote.com/wp-json/oembed/1.0/embedcefa.json]
[www.dangote.com/dangote-empowers-ogun-host-communities-provides-food-palliatives-scholarships/feed/index.html]
[www.dangote.com/wp-json/oembed/1.0/embed8d76]
[www.dangote.com/dangote-empowers-ogun-host-communities-provides-food-palliatives-scholarships/index.html]
[www.dangote.com/wp-content/uploads/2020/06/DSC3231.jpg]
[www.dangote.com/indexd073.html]
[www.dangote.com/index9b9e.html]
[www.dangote.com/indexa818.html]
[www.dangote.com/index1e7e.html]
[www.dangote.com/index5f87.html]
[www.dangote.com/index2207.html]
[www.dangote.com/popper.html]
[www.dangote.com/index4579.html]
[www.dangote.com/about-us/aliko-dangote/about-us.html]
[www.dangote.com/about-us/aliko-dangote/foundation.html]
[www.dangote.com/index03e1.html]
[www.dangote.com/about-us/sani-dangote/about-us.html]
[www.dangote.com/about-us/sani-dangote/foundation.html]
[www.dangote.com/indexe1a1.html]
[www.dangote.com/about-us/halima-aliko-dangote/about-us.html]
[www.dangote.com/about-us/halima-aliko-dangote/foundation.html]
[www.dangote.com/indexcf9a.html]
[www.dangote.com/about-us/abdu-dantata/about-us.html]
[www.dangote.com/about-us/abdu-dantata/foundation.html]
[www.dangote.com/indexd6e1.html]
[www.dangote.com/about-us/olakunle-alake/about-us.html]
[www.dangote.com/about-us/olakunle-alake/foundation.html]
[www.dangote.com/index548d.html]
[www.dangote.com/about-us/devakumar-v-g-edwin/about-us.html]
[www.dangote.com/about-us/devakumar-v-g-edwin/foundation.html]
[www.dangote.com/indexd89d.html]
[www.dangote.com/about-us/mansur-ahmed/about-us.html]
[www.dangote.com/about-us/mansur-ahmed/foundation.html]
[www.dangote.com/indexd728.html]
[www.dangote.com/about-us/sada-ladan-baki/about-us.html]
[www.dangote.com/about-us/sada-ladan-baki/foundation.html]
[www.dangote.com/index3786.html]
[www.dangote.com/about-us/adenike-fajemirokun/about-us.html]
[www.dangote.com/about-us/adenike-fajemirokun/foundation.html]
[www.dangote.com/index0776.html]
[www.dangote.com/our-business/cement/about-us.html]
[www.dangote.com/our-business/cement/our-business.html]
[www.dangote.com/our-business/cement/foundation.html]
[www.dangote.com/our-business/cement/gallery/infrastructure-gallery.html]
[www.dangote.com/index45c8.html]
[www.dangote.com/our-business/sugar-refining/about-us.html]
[www.dangote.com/our-business/sugar-refining/our-business.html]
[www.dangote.com/our-business/sugar-refining/foundation.html]
[www.dangote.com/our-business/sugar-refining/gallery/infrastructure-gallery.html]
[www.dangote.com/index1d24.html]
[www.dangote.com/our-business/salt-seasonings/about-us.html]
[www.dangote.com/our-business/salt-seasonings/our-business.html]
[www.dangote.com/our-business/salt-seasonings/foundation.html]
[www.dangote.com/our-business/salt-seasonings/gallery/infrastructure-gallery.html]
[www.dangote.com/indexe2aa.html]
[www.dangote.com/our-business/fertilizer/about-us.html]
[www.dangote.com/our-business/fertilizer/our-business.html]
[www.dangote.com/our-business/fertilizer/foundation.html]
[www.dangote.com/indexba86.html]
[www.dangote.com/our-business/infrastructure/about-us.html]
[www.dangote.com/our-business/infrastructure/our-business.html]
[www.dangote.com/our-business/infrastructure/foundation.html]
[www.dangote.com/index8a7d.html]
[www.dangote.com/our-business/rice-farming/about-us.html]
[www.dangote.com/our-business/rice-farming/our-business.html]
[www.dangote.com/our-business/rice-farming/foundation.html]
[www.dangote.com/indexef92.html]
[www.dangote.com/our-business/oil-and-gas/about-us.html]
[www.dangote.com/our-business/oil-and-gas/our-business.html]
[www.dangote.com/our-business/oil-and-gas/foundation.html]
[www.dangote.com/index8844.html]
[www.dangote.com/our-business/energy/about-us.html]
[www.dangote.com/our-business/energy/our-business.html]
[www.dangote.com/our-business/energy/foundation.html]
[www.dangote.com/index7d3e.html]
[www.dangote.com/our-business/petrochemicals/about-us.html]
[www.dangote.com/our-business/petrochemicals/our-business.html]
[www.dangote.com/our-business/petrochemicals/foundation.html]
[www.dangote.com/indexcb8c.html]
[www.dangote.com/our-business/polysacks/about-us.html]
[www.dangote.com/our-business/polysacks/our-business.html]
[www.dangote.com/our-business/polysacks/foundation.html]
[www.dangote.com/index8ee7.html]
[www.dangote.com/our-business/real-estate/about-us.html]
[www.dangote.com/our-business/real-estate/our-business.html]
[www.dangote.com/our-business/real-estate/foundation.html]
[www.dangote.com/indexf47a.html]
[www.dangote.com/our-business/mining/about-us.html]
[www.dangote.com/our-business/mining/our-business.html]
[www.dangote.com/our-business/mining/foundation.html]
[www.dangote.com/index5355.html]
[www.dangote.com/our-business/logistics/about-us.html]
[www.dangote.com/our-business/logistics/our-business.html]
[www.dangote.com/our-business/logistics/foundation.html]
[www.dangote.com/index1639.html]
[www.dangote.com/our-business/maritime/about-us.html]
[www.dangote.com/our-business/maritime/our-business.html]
[www.dangote.com/our-business/maritime/foundation.html]
[www.dangote.com/indexbcd6.html]
[www.dangote.com/our-business/automotive/about-us.html]
[www.dangote.com/our-business/automotive/our-business.html]
[www.dangote.com/our-business/automotive/foundation.html]
[www.dangote.com/indexfef8.html]
[www.dangote.com/our-business/tomatoe-processing/about-us.html]
[www.dangote.com/our-business/tomatoe-processing/our-business.html]
[www.dangote.com/our-business/tomatoe-processing/foundation.html]
[www.dangote.com/index4efb.html]
[www.dangote.com/our-business/dangote-academy/about-us.html]
[www.dangote.com/our-business/dangote-academy/our-business.html]
[www.dangote.com/our-business/dangote-academy/foundation.html]
[www.dangote.com/index8631.html]
[www.dangote.com/our-business/dangote-academy/short-courses/about-us.html]
[www.dangote.com/our-business/dangote-academy/short-courses/our-business.html]
[www.dangote.com/our-business/dangote-academy/short-courses/foundation.html]
[www.dangote.com/index2553.html]
[www.dangote.com/index9d87.html]
[www.dangote.com/gallery/infrastructure-gallery/about-us.html]
[www.dangote.com/gallery/infrastructure-gallery/our-business.html]
[www.dangote.com/gallery/infrastructure-gallery/foundation.html]
[www.dangote.com/index0012.html]
[www.dangote.com/foundation/about-foundation/about-us.html]
[www.dangote.com/foundation/about-foundation/our-business.html]
[www.dangote.com/foundation/about-foundation/foundation.html]
[www.dangote.com/indexa862.html]
[www.dangote.com/indexb3e1.html]
[www.dangote.com/wp-json/oembed/1.0/embed6b75.json]
[www.dangote.com/aliko-dangote-africas-richest-man-talk-to-al-jazeera/feed/index.html]
[www.dangote.com/wp-json/oembed/1.0/embedc12d]
[www.dangote.com/aliko-dangote-africas-richest-man-talk-to-al-jazeera/index.html]
[www.dangote.com/index9d51.html]
[www.dangote.com/index7665.html]
[www.dangote.com/news/all-news/about-us.html]
[www.dangote.com/news/all-news/our-business.html]
[www.dangote.com/news/all-news/foundation.html]
[www.dangote.com/news/all-news/indexed7e.html]
[www.dangote.com/index071d.html]
[www.dangote.com/wp-content/uploads/2020/02/dangote.jpg]
[www.dangote.com/wp-json/oembed/1.0/embed10aa.json]
[www.dangote.com/wp-json/oembed/1.0/embeda969]
[www.dangote.com/gallery/events-gallery/index.html]
[www.dangote.com/wp-json/oembed/1.0/embed6d3e.json]
[www.dangote.com/wp-json/oembed/1.0/embedea66]
[www.dangote.com/foundation-gallery/index.html]
[www.dangote.com/index17d3.html]
[www.dangote.com/gallery/our-business-gallery/about-us.html]
[www.dangote.com/gallery/our-business-gallery/our-business.html]
[www.dangote.com/gallery/our-business-gallery/foundation.html]
[www.dangote.com/index1263.html]
[www.dangote.com/gallery/sustainability-gallery/about-us.html]
[www.dangote.com/gallery/sustainability-gallery/our-business.html]
[www.dangote.com/gallery/sustainability-gallery/foundation.html]
[www.dangote.com/indexcb30.html]
[www.dangote.com/all-videos/indexed7e.html]
[www.dangote.com/indexa5f2.html]
[www.dangote.com/index0721.html]
[www.dangote.com/wp-json/oembed/1.0/embed613f.json]
[www.dangote.com/another-example-video/feed/index.html]
[www.dangote.com/wp-json/oembed/1.0/embeda7f9]
[www.dangote.com/another-example-video/index.html]
[www.dangote.com/indexe8d3.html]
[www.dangote.com/indexa9e1.html]
[www.dangote.com/index8e0b.html]
[www.dangote.com/indexbc2b.html]
[www.dangote.com/mo-in-conversation-with-aliko-dangote/feed/index.html]
[www.dangote.com/wp-json/oembed/1.0/embedd0e8.json]
[www.dangote.com/wp-json/oembed/1.0/embedfcb2]
[www.dangote.com/mo-in-conversation-with-aliko-dangote/index.html]
[www.dangote.com/wp-content/uploads/2020/03/video.jpg]
[www.dangote.com/indexc7ce.html]
[www.dangote.com/news/all-news/index25a6.html]
[www.dangote.com/index24eb.html]
[www.dangote.com/gallery/events-gallery/about-us.html]
[www.dangote.com/gallery/events-gallery/our-business.html]
[www.dangote.com/gallery/events-gallery/foundation.html]
[www.dangote.com/index5750.html]
[www.dangote.com/index64d4.html]
[www.dangote.com/index27ac.html]
[www.dangote.com/news/all-news/indexbe63.html]
[www.dangote.com/news/all-news/indexf7a7.html]
